INFO: Starting sand-leek 1
ERROR: search contains non-base-32 character(s): 1
I cannot search for something that will never occur
