usage: ../../sand-leek [-t threads] [-A] -s search
Options:
    -t threads    use `threads` worker threads (default: 1)
    -A            disable ANSI escape sequences in stderr output
    -s search     search for keys to onion addresses beginning with `search`

